Analysis & Synthesis report for sdram_controller
Thu Oct 07 22:56:24 2021
Quartus Prime Version 18.0.0 Build 614 04/24/2018 SJ Standard Edition


---------------------
; Table of Contents ;
---------------------
  1. Legal Notice
  2. Analysis & Synthesis Summary
  3. Analysis & Synthesis Settings
  4. Parallel Compilation
  5. Analysis & Synthesis Source Files Read
  6. Analysis & Synthesis Resource Usage Summary
  7. Analysis & Synthesis Resource Utilization by Entity
  8. State Machine - |sdram_controller|state
  9. Registers Removed During Synthesis
 10. Removed Registers Triggering Further Register Optimizations
 11. General Register Statistics
 12. Multiplexer Restructuring Statistics (Restructuring Performed)
 13. Parameter Settings for User Entity Instance: Top-level Entity: |sdram_controller
 14. Post-Synthesis Netlist Statistics for Top Partition
 15. Elapsed Time Per Partition
 16. Analysis & Synthesis Messages
 17. Analysis & Synthesis Suppressed Messages



----------------
; Legal Notice ;
----------------
Copyright (C) 2018  Intel Corporation. All rights reserved.
Your use of Intel Corporation's design tools, logic functions 
and other software and tools, and its AMPP partner logic 
functions, and any output files from any of the foregoing 
(including device programming or simulation files), and any 
associated documentation or information are expressly subject 
to the terms and conditions of the Intel Program License 
Subscription Agreement, the Intel Quartus Prime License Agreement,
the Intel FPGA IP License Agreement, or other applicable license
agreement, including, without limitation, that your use is for
the sole purpose of programming logic devices manufactured by
Intel and sold by Intel or its authorized distributors.  Please
refer to the applicable agreement for further details.



+--------------------------------------------------------------------------------------+
; Analysis & Synthesis Summary                                                         ;
+------------------------------------+-------------------------------------------------+
; Analysis & Synthesis Status        ; Successful - Thu Oct 07 22:56:24 2021           ;
; Quartus Prime Version              ; 18.0.0 Build 614 04/24/2018 SJ Standard Edition ;
; Revision Name                      ; sdram_controller                                ;
; Top-level Entity Name              ; sdram_controller                                ;
; Family                             ; Cyclone 10 LP                                   ;
; Total logic elements               ; 20                                              ;
;     Total combinational functions  ; 20                                              ;
;     Dedicated logic registers      ; 16                                              ;
; Total registers                    ; 16                                              ;
; Total pins                         ; 147                                             ;
; Total virtual pins                 ; 0                                               ;
; Total memory bits                  ; 0                                               ;
; Embedded Multiplier 9-bit elements ; 0                                               ;
; Total PLLs                         ; 0                                               ;
+------------------------------------+-------------------------------------------------+


+------------------------------------------------------------------------------------------------------------+
; Analysis & Synthesis Settings                                                                              ;
+------------------------------------------------------------------+--------------------+--------------------+
; Option                                                           ; Setting            ; Default Value      ;
+------------------------------------------------------------------+--------------------+--------------------+
; Top-level entity name                                            ; sdram_controller   ; sdram_controller   ;
; Family name                                                      ; Cyclone 10 LP      ; Cyclone V          ;
; Use smart compilation                                            ; Off                ; Off                ;
; Enable parallel Assembler and Timing Analyzer during compilation ; On                 ; On                 ;
; Enable compact report table                                      ; Off                ; Off                ;
; Restructure Multiplexers                                         ; Auto               ; Auto               ;
; Create Debugging Nodes for IP Cores                              ; Off                ; Off                ;
; Preserve fewer node names                                        ; On                 ; On                 ;
; Intel FPGA IP Evaluation Mode                                    ; Enable             ; Enable             ;
; Verilog Version                                                  ; Verilog_2001       ; Verilog_2001       ;
; VHDL Version                                                     ; VHDL_1993          ; VHDL_1993          ;
; State Machine Processing                                         ; Auto               ; Auto               ;
; Safe State Machine                                               ; Off                ; Off                ;
; Extract Verilog State Machines                                   ; On                 ; On                 ;
; Extract VHDL State Machines                                      ; On                 ; On                 ;
; Ignore Verilog initial constructs                                ; Off                ; Off                ;
; Iteration limit for constant Verilog loops                       ; 5000               ; 5000               ;
; Iteration limit for non-constant Verilog loops                   ; 250                ; 250                ;
; Add Pass-Through Logic to Inferred RAMs                          ; On                 ; On                 ;
; Infer RAMs from Raw Logic                                        ; On                 ; On                 ;
; Parallel Synthesis                                               ; On                 ; On                 ;
; DSP Block Balancing                                              ; Auto               ; Auto               ;
; NOT Gate Push-Back                                               ; On                 ; On                 ;
; Power-Up Don't Care                                              ; On                 ; On                 ;
; Remove Redundant Logic Cells                                     ; Off                ; Off                ;
; Remove Duplicate Registers                                       ; On                 ; On                 ;
; Ignore CARRY Buffers                                             ; Off                ; Off                ;
; Ignore CASCADE Buffers                                           ; Off                ; Off                ;
; Ignore GLOBAL Buffers                                            ; Off                ; Off                ;
; Ignore ROW GLOBAL Buffers                                        ; Off                ; Off                ;
; Ignore LCELL Buffers                                             ; Off                ; Off                ;
; Ignore SOFT Buffers                                              ; On                 ; On                 ;
; Limit AHDL Integers to 32 Bits                                   ; Off                ; Off                ;
; Optimization Technique                                           ; Balanced           ; Balanced           ;
; Carry Chain Length                                               ; 70                 ; 70                 ;
; Auto Carry Chains                                                ; On                 ; On                 ;
; Auto Open-Drain Pins                                             ; On                 ; On                 ;
; Perform WYSIWYG Primitive Resynthesis                            ; Off                ; Off                ;
; Auto ROM Replacement                                             ; On                 ; On                 ;
; Auto RAM Replacement                                             ; On                 ; On                 ;
; Auto DSP Block Replacement                                       ; On                 ; On                 ;
; Auto Shift Register Replacement                                  ; Auto               ; Auto               ;
; Allow Shift Register Merging across Hierarchies                  ; Auto               ; Auto               ;
; Auto Clock Enable Replacement                                    ; On                 ; On                 ;
; Strict RAM Replacement                                           ; Off                ; Off                ;
; Allow Synchronous Control Signals                                ; On                 ; On                 ;
; Force Use of Synchronous Clear Signals                           ; Off                ; Off                ;
; Auto RAM Block Balancing                                         ; On                 ; On                 ;
; Auto RAM to Logic Cell Conversion                                ; Off                ; Off                ;
; Auto Resource Sharing                                            ; Off                ; Off                ;
; Allow Any RAM Size For Recognition                               ; Off                ; Off                ;
; Allow Any ROM Size For Recognition                               ; Off                ; Off                ;
; Allow Any Shift Register Size For Recognition                    ; Off                ; Off                ;
; Use LogicLock Constraints during Resource Balancing              ; On                 ; On                 ;
; Ignore translate_off and synthesis_off directives                ; Off                ; Off                ;
; Timing-Driven Synthesis                                          ; On                 ; On                 ;
; Report Parameter Settings                                        ; On                 ; On                 ;
; Report Source Assignments                                        ; On                 ; On                 ;
; Report Connectivity Checks                                       ; On                 ; On                 ;
; Ignore Maximum Fan-Out Assignments                               ; Off                ; Off                ;
; Synchronization Register Chain Length                            ; 2                  ; 2                  ;
; Power Optimization During Synthesis                              ; Normal compilation ; Normal compilation ;
; HDL message level                                                ; Level2             ; Level2             ;
; Suppress Register Optimization Related Messages                  ; Off                ; Off                ;
; Number of Removed Registers Reported in Synthesis Report         ; 5000               ; 5000               ;
; Number of Swept Nodes Reported in Synthesis Report               ; 5000               ; 5000               ;
; Number of Inverted Registers Reported in Synthesis Report        ; 100                ; 100                ;
; Clock MUX Protection                                             ; On                 ; On                 ;
; Auto Gated Clock Conversion                                      ; Off                ; Off                ;
; Block Design Naming                                              ; Auto               ; Auto               ;
; SDC constraint protection                                        ; Off                ; Off                ;
; Synthesis Effort                                                 ; Auto               ; Auto               ;
; Shift Register Replacement - Allow Asynchronous Clear Signal     ; On                 ; On                 ;
; Pre-Mapping Resynthesis Optimization                             ; Off                ; Off                ;
; Analysis & Synthesis Message Level                               ; Medium             ; Medium             ;
; Disable Register Merging Across Hierarchies                      ; Auto               ; Auto               ;
; Resource Aware Inference For Block RAM                           ; On                 ; On                 ;
+------------------------------------------------------------------+--------------------+--------------------+


+------------------------------------------+
; Parallel Compilation                     ;
+----------------------------+-------------+
; Processors                 ; Number      ;
+----------------------------+-------------+
; Number detected on machine ; 8           ;
; Maximum allowed            ; 4           ;
;                            ;             ;
; Average used               ; 1.00        ;
; Maximum used               ; 4           ;
;                            ;             ;
; Usage by Processor         ; % Time Used ;
;     Processor 1            ; 100.0%      ;
;     Processors 2-4         ;   0.0%      ;
+----------------------------+-------------+


+------------------------------------------------------------------------------------------------------------------------------------------------+
; Analysis & Synthesis Source Files Read                                                                                                         ;
+----------------------------------+-----------------+------------------------+--------------------------------------------------------+---------+
; File Name with User-Entered Path ; Used in Netlist ; File Type              ; File Name with Absolute Path                           ; Library ;
+----------------------------------+-----------------+------------------------+--------------------------------------------------------+---------+
; sdram_controller.v               ; yes             ; User Verilog HDL File  ; D:/SDRAM-controller/Q_Project/test2/sdram_controller.v ;         ;
+----------------------------------+-----------------+------------------------+--------------------------------------------------------+---------+


+---------------------------------------------------------+
; Analysis & Synthesis Resource Usage Summary             ;
+---------------------------------------------+-----------+
; Resource                                    ; Usage     ;
+---------------------------------------------+-----------+
; Estimated Total logic elements              ; 20        ;
;                                             ;           ;
; Total combinational functions               ; 20        ;
; Logic element usage by number of LUT inputs ;           ;
;     -- 4 input functions                    ; 4         ;
;     -- 3 input functions                    ; 1         ;
;     -- <=2 input functions                  ; 15        ;
;                                             ;           ;
; Logic elements by mode                      ;           ;
;     -- normal mode                          ; 6         ;
;     -- arithmetic mode                      ; 14        ;
;                                             ;           ;
; Total registers                             ; 16        ;
;     -- Dedicated logic registers            ; 16        ;
;     -- I/O registers                        ; 0         ;
;                                             ;           ;
; I/O pins                                    ; 147       ;
;                                             ;           ;
; Embedded Multiplier 9-bit elements          ; 0         ;
;                                             ;           ;
; Maximum fan-out node                        ; clk~input ;
; Maximum fan-out                             ; 16        ;
; Total fan-out                               ; 277       ;
; Average fan-out                             ; 0.77      ;
+---------------------------------------------+-----------+


+---------------------------------------------------------------------------------------------------------------------------------------------------------------------------------------------------------------+
; Analysis & Synthesis Resource Utilization by Entity                                                                                                                                                           ;
+----------------------------+---------------------+---------------------------+-------------+--------------+---------+-----------+------+--------------+---------------------+------------------+--------------+
; Compilation Hierarchy Node ; Combinational ALUTs ; Dedicated Logic Registers ; Memory Bits ; DSP Elements ; DSP 9x9 ; DSP 18x18 ; Pins ; Virtual Pins ; Full Hierarchy Name ; Entity Name      ; Library Name ;
+----------------------------+---------------------+---------------------------+-------------+--------------+---------+-----------+------+--------------+---------------------+------------------+--------------+
; |sdram_controller          ; 20 (20)             ; 16 (16)                   ; 0           ; 0            ; 0       ; 0         ; 147  ; 0            ; |sdram_controller   ; sdram_controller ; work         ;
+----------------------------+---------------------+---------------------------+-------------+--------------+---------+-----------+------+--------------+---------------------+------------------+--------------+
Note: For table entries with two numbers listed, the numbers in parentheses indicate the number of resources of the given type used by the specific entity alone. The numbers listed outside of parentheses indicate the total resources of the given type used by the specific entity and all of its sub-entities in the hierarchy.


Encoding Type:  One-Hot
+-----------------------------------------------------------------------------------------------------------------------+
; State Machine - |sdram_controller|state                                                                               ;
+----------------+------------+---------------+---------------+--------------+------------+----------------+------------+
; Name           ; state.MODE ; state.WRITE_A ; state.REFRESH ; state.READ_A ; state.IDLE ; state.ACTIVATE ; state.INIT ;
+----------------+------------+---------------+---------------+--------------+------------+----------------+------------+
; state.INIT     ; 0          ; 0             ; 0             ; 0            ; 0          ; 0              ; 0          ;
; state.ACTIVATE ; 0          ; 0             ; 0             ; 0            ; 0          ; 1              ; 1          ;
; state.IDLE     ; 0          ; 0             ; 0             ; 0            ; 1          ; 0              ; 1          ;
; state.READ_A   ; 0          ; 0             ; 0             ; 1            ; 0          ; 0              ; 1          ;
; state.REFRESH  ; 0          ; 0             ; 1             ; 0            ; 0          ; 0              ; 1          ;
; state.WRITE_A  ; 0          ; 1             ; 0             ; 0            ; 0          ; 0              ; 1          ;
; state.MODE     ; 1          ; 0             ; 0             ; 0            ; 0          ; 0              ; 1          ;
+----------------+------------+---------------+---------------+--------------+------------+----------------+------------+


+--------------------------------------------------------------------------------------+
; Registers Removed During Synthesis                                                   ;
+----------------------------------------+---------------------------------------------+
; Register name                          ; Reason for Removal                          ;
+----------------------------------------+---------------------------------------------+
; q_reg[0..31]                           ; Stuck at GND due to stuck port data_in      ;
; refresh_counter[0..3]                  ; Lost fanout                                 ;
; state~4                                ; Lost fanout                                 ;
; state~5                                ; Lost fanout                                 ;
; state~6                                ; Lost fanout                                 ;
; state~7                                ; Lost fanout                                 ;
; state.MODE                             ; Stuck at GND due to stuck port data_in      ;
; state.INIT                             ; Stuck at GND due to stuck port data_in      ;
; state.ACTIVATE                         ; Stuck at GND due to stuck port data_in      ;
; cmd[4,5]                               ; Stuck at VCC due to stuck port data_in      ;
; state.IDLE                             ; Stuck at GND due to stuck port data_in      ;
; cmd[3]                                 ; Stuck at VCC due to stuck port data_in      ;
; state.READ_A                           ; Stuck at GND due to stuck port data_in      ;
; state.WRITE_A                          ; Stuck at GND due to stuck port data_in      ;
; state.REFRESH                          ; Stuck at GND due to stuck port data_in      ;
; data_reg[0..31]                        ; Stuck at GND due to stuck port clock_enable ;
; addr_reg[0,1,9..22]                    ; Stuck at GND due to stuck port clock_enable ;
; we_reg                                 ; Stuck at GND due to stuck port clock_enable ;
; Total Number of Removed Registers = 99 ;                                             ;
+----------------------------------------+---------------------------------------------+


+---------------------------------------------------------------------------------------------------------------------------------------------+
; Removed Registers Triggering Further Register Optimizations                                                                                 ;
+--------------------+---------------------------+--------------------------------------------------------------------------------------------+
; Register name      ; Reason for Removal        ; Registers Removed due to This Register                                                     ;
+--------------------+---------------------------+--------------------------------------------------------------------------------------------+
; state.IDLE         ; Stuck at GND              ; data_reg[0], data_reg[1], data_reg[2], data_reg[3], data_reg[4], data_reg[5], data_reg[6], ;
;                    ; due to stuck port data_in ; data_reg[7], data_reg[8], data_reg[9], data_reg[10], data_reg[11], data_reg[12],           ;
;                    ;                           ; data_reg[13], data_reg[14], data_reg[15], data_reg[16], data_reg[17], data_reg[18],        ;
;                    ;                           ; data_reg[19], data_reg[20], data_reg[21], data_reg[22], data_reg[23], data_reg[24],        ;
;                    ;                           ; data_reg[25], data_reg[26], data_reg[27], data_reg[28], data_reg[29], data_reg[30],        ;
;                    ;                           ; data_reg[31], addr_reg[21], addr_reg[9], addr_reg[22], addr_reg[10], addr_reg[11],         ;
;                    ;                           ; addr_reg[12], addr_reg[13], addr_reg[14], addr_reg[15], addr_reg[16], addr_reg[17],        ;
;                    ;                           ; addr_reg[18], addr_reg[19], addr_reg[20], addr_reg[0], addr_reg[1], we_reg                 ;
; refresh_counter[3] ; Lost Fanouts              ; refresh_counter[2], refresh_counter[1], refresh_counter[0]                                 ;
; state.MODE         ; Stuck at GND              ; cmd[5], cmd[4]                                                                             ;
;                    ; due to stuck port data_in ;                                                                                            ;
; state.ACTIVATE     ; Stuck at GND              ; cmd[3]                                                                                     ;
;                    ; due to stuck port data_in ;                                                                                            ;
+--------------------+---------------------------+--------------------------------------------------------------------------------------------+


+------------------------------------------------------+
; General Register Statistics                          ;
+----------------------------------------------+-------+
; Statistic                                    ; Value ;
+----------------------------------------------+-------+
; Total registers                              ; 16    ;
; Number of registers using Synchronous Clear  ; 0     ;
; Number of registers using Synchronous Load   ; 0     ;
; Number of registers using Asynchronous Clear ; 16    ;
; Number of registers using Asynchronous Load  ; 0     ;
; Number of registers using Clock Enable       ; 0     ;
; Number of registers using Preset             ; 0     ;
+----------------------------------------------+-------+


+--------------------------------------------------------------------------------------------------------------------------------------------+
; Multiplexer Restructuring Statistics (Restructuring Performed)                                                                             ;
+--------------------+-----------+---------------+----------------------+------------------------+------------+------------------------------+
; Multiplexer Inputs ; Bus Width ; Baseline Area ; Area if Restructured ; Saving if Restructured ; Registered ; Example Multiplexer Output   ;
+--------------------+-----------+---------------+----------------------+------------------------+------------+------------------------------+
; 4:1                ; 2 bits    ; 4 LEs         ; 4 LEs                ; 0 LEs                  ; No         ; |sdram_controller|Selector19 ;
; 10:1               ; 3 bits    ; 18 LEs        ; 6 LEs                ; 12 LEs                 ; No         ; |sdram_controller|Selector2  ;
; 12:1               ; 2 bits    ; 16 LEs        ; 4 LEs                ; 12 LEs                 ; No         ; |sdram_controller|Selector5  ;
+--------------------+-----------+---------------+----------------------+------------------------+------------+------------------------------+


+----------------------------------------------------------------------------------+
; Parameter Settings for User Entity Instance: Top-level Entity: |sdram_controller ;
+-------------------+--------+-----------------------------------------------------+
; Parameter Name    ; Value  ; Type                                                ;
+-------------------+--------+-----------------------------------------------------+
; FPGA_ADDR_WIDTH   ; 23     ; Signed Integer                                      ;
; FPGA_DATA_WIDTH   ; 32     ; Signed Integer                                      ;
; CLK_FREQUENCY_SYS ; 166    ; Signed Integer                                      ;
; SDRAM_ADDR_WIDTH  ; 12     ; Signed Integer                                      ;
; SDRAM_DATA_WIDTH  ; 32     ; Signed Integer                                      ;
; SDRAM_COL_WIDTH   ; 9      ; Signed Integer                                      ;
; SDRAM_ROW_WIDTH   ; 12     ; Signed Integer                                      ;
; SDRAM_BANK_WIDTH  ; 2      ; Signed Integer                                      ;
; SDRAM_BYTES_WIDTH ; 2      ; Signed Integer                                      ;
; SDRAM_CLK_MAX     ; 166    ; Signed Integer                                      ;
; T_POWER_UP        ; 200000 ; Signed Integer                                      ;
; T_RP              ; 18     ; Signed Integer                                      ;
; T_RC              ; 60     ; Signed Integer                                      ;
; T_MRD             ; 18     ; Signed Integer                                      ;
; T_RCD             ; 18     ; Signed Integer                                      ;
; T_REF             ; 64     ; Signed Integer                                      ;
; T_RAS             ; 42     ; Signed Integer                                      ;
; T_WR              ; 12     ; Signed Integer                                      ;
; WRITE_BURST_MODE  ; 1      ; Unsigned Binary                                     ;
; BURST_TYPE        ; 0      ; Unsigned Binary                                     ;
; BURST_LENGTH      ; 011    ; Unsigned Binary                                     ;
; CAS_LATENCY       ; 010    ; Unsigned Binary                                     ;
+-------------------+--------+-----------------------------------------------------+
Note: In order to hide this table in the UI and the text report file, please set the "Show Parameter Settings in Synthesis Report" option in "Analysis and Synthesis Settings -> More Settings" to "Off".


+-----------------------------------------------------+
; Post-Synthesis Netlist Statistics for Top Partition ;
+-----------------------+-----------------------------+
; Type                  ; Count                       ;
+-----------------------+-----------------------------+
; boundary_port         ; 147                         ;
; cycloneiii_ff         ; 16                          ;
;     CLR               ; 16                          ;
; cycloneiii_io_obuf    ; 32                          ;
; cycloneiii_lcell_comb ; 23                          ;
;     arith             ; 14                          ;
;         2 data inputs ; 14                          ;
;     normal            ; 9                           ;
;         0 data inputs ; 2                           ;
;         1 data inputs ; 2                           ;
;         3 data inputs ; 1                           ;
;         4 data inputs ; 4                           ;
;                       ;                             ;
; Max LUT depth         ; 3.00                        ;
; Average LUT depth     ; 1.40                        ;
+-----------------------+-----------------------------+


+-------------------------------+
; Elapsed Time Per Partition    ;
+----------------+--------------+
; Partition Name ; Elapsed Time ;
+----------------+--------------+
; Top            ; 00:00:00     ;
+----------------+--------------+


+-------------------------------+
; Analysis & Synthesis Messages ;
+-------------------------------+
Info: *******************************************************************
Info: Running Quartus Prime Analysis & Synthesis
    Info: Version 18.0.0 Build 614 04/24/2018 SJ Standard Edition
    Info: Processing started: Thu Oct 07 22:56:14 2021
Info: Command: quartus_map --read_settings_files=on --write_settings_files=off sdram_controller -c sdram_controller
Warning (18236): Number of processors has not been specified which may cause overloading on shared machines.  Set the global assignment NUM_PARALLEL_PROCESSORS in your QSF to an appropriate value for best performance.
Info (20030): Parallel compilation is enabled and will use 4 of the 4 processors detected
Info (12021): Found 1 design units, including 1 entities, in source file sdram_controller.v
    Info (12023): Found entity 1: sdram_controller File: D:/SDRAM-controller/Q_Project/test2/sdram_controller.v Line: 21
Info (12127): Elaborating entity "sdram_controller" for the top level hierarchy
Warning (10230): Verilog HDL assignment warning at sdram_controller.v(212): truncated value with size 9 to match size of target (2) File: D:/SDRAM-controller/Q_Project/test2/sdram_controller.v Line: 212
Warning (10230): Verilog HDL assignment warning at sdram_controller.v(343): truncated value with size 32 to match size of target (15) File: D:/SDRAM-controller/Q_Project/test2/sdram_controller.v Line: 343
Warning (10230): Verilog HDL assignment warning at sdram_controller.v(353): truncated value with size 32 to match size of target (4) File: D:/SDRAM-controller/Q_Project/test2/sdram_controller.v Line: 353
Warning (10235): Verilog HDL Always Construct warning at sdram_controller.v(408): variable "bank" is read inside the Always Construct but isn't in the Always Construct's Event Control File: D:/SDRAM-controller/Q_Project/test2/sdram_controller.v Line: 408
Warning (10235): Verilog HDL Always Construct warning at sdram_controller.v(409): variable "bank" is read inside the Always Construct but isn't in the Always Construct's Event Control File: D:/SDRAM-controller/Q_Project/test2/sdram_controller.v Line: 409
Warning (10235): Verilog HDL Always Construct warning at sdram_controller.v(410): variable "bank" is read inside the Always Construct but isn't in the Always Construct's Event Control File: D:/SDRAM-controller/Q_Project/test2/sdram_controller.v Line: 410
Info (10264): Verilog HDL Case Statement information at sdram_controller.v(407): all case item expressions in this case statement are onehot File: D:/SDRAM-controller/Q_Project/test2/sdram_controller.v Line: 407
Warning (10230): Verilog HDL assignment warning at sdram_controller.v(417): truncated value with size 112 to match size of target (12) File: D:/SDRAM-controller/Q_Project/test2/sdram_controller.v Line: 417
Warning (10235): Verilog HDL Always Construct warning at sdram_controller.v(419): variable "row" is read inside the Always Construct but isn't in the Always Construct's Event Control File: D:/SDRAM-controller/Q_Project/test2/sdram_controller.v Line: 419
Warning (10235): Verilog HDL Always Construct warning at sdram_controller.v(420): variable "col" is read inside the Always Construct but isn't in the Always Construct's Event Control File: D:/SDRAM-controller/Q_Project/test2/sdram_controller.v Line: 420
Warning (10235): Verilog HDL Always Construct warning at sdram_controller.v(421): variable "col" is read inside the Always Construct but isn't in the Always Construct's Event Control File: D:/SDRAM-controller/Q_Project/test2/sdram_controller.v Line: 421
Info (10264): Verilog HDL Case Statement information at sdram_controller.v(416): all case item expressions in this case statement are onehot File: D:/SDRAM-controller/Q_Project/test2/sdram_controller.v Line: 416
Warning (10034): Output port "ram_clk" at sdram_controller.v(105) has no driver File: D:/SDRAM-controller/Q_Project/test2/sdram_controller.v Line: 105
Warning (13024): Output pins are stuck at VCC or GND
    Warning (13410): Pin "rd_data[0]" is stuck at GND File: D:/SDRAM-controller/Q_Project/test2/sdram_controller.v Line: 92
    Warning (13410): Pin "rd_data[1]" is stuck at GND File: D:/SDRAM-controller/Q_Project/test2/sdram_controller.v Line: 92
    Warning (13410): Pin "rd_data[2]" is stuck at GND File: D:/SDRAM-controller/Q_Project/test2/sdram_controller.v Line: 92
    Warning (13410): Pin "rd_data[3]" is stuck at GND File: D:/SDRAM-controller/Q_Project/test2/sdram_controller.v Line: 92
    Warning (13410): Pin "rd_data[4]" is stuck at GND File: D:/SDRAM-controller/Q_Project/test2/sdram_controller.v Line: 92
    Warning (13410): Pin "rd_data[5]" is stuck at GND File: D:/SDRAM-controller/Q_Project/test2/sdram_controller.v Line: 92
    Warning (13410): Pin "rd_data[6]" is stuck at GND File: D:/SDRAM-controller/Q_Project/test2/sdram_controller.v Line: 92
    Warning (13410): Pin "rd_data[7]" is stuck at GND File: D:/SDRAM-controller/Q_Project/test2/sdram_controller.v Line: 92
    Warning (13410): Pin "rd_data[8]" is stuck at GND File: D:/SDRAM-controller/Q_Project/test2/sdram_controller.v Line: 92
    Warning (13410): Pin "rd_data[9]" is stuck at GND File: D:/SDRAM-controller/Q_Project/test2/sdram_controller.v Line: 92
    Warning (13410): Pin "rd_data[10]" is stuck at GND File: D:/SDRAM-controller/Q_Project/test2/sdram_controller.v Line: 92
    Warning (13410): Pin "rd_data[11]" is stuck at GND File: D:/SDRAM-controller/Q_Project/test2/sdram_controller.v Line: 92
    Warning (13410): Pin "rd_data[12]" is stuck at GND File: D:/SDRAM-controller/Q_Project/test2/sdram_controller.v Line: 92
    Warning (13410): Pin "rd_data[13]" is stuck at GND File: D:/SDRAM-controller/Q_Project/test2/sdram_controller.v Line: 92
    Warning (13410): Pin "rd_data[14]" is stuck at GND File: D:/SDRAM-controller/Q_Project/test2/sdram_controller.v Line: 92
    Warning (13410): Pin "rd_data[15]" is stuck at GND File: D:/SDRAM-controller/Q_Project/test2/sdram_controller.v Line: 92
    Warning (13410): Pin "rd_data[16]" is stuck at GND File: D:/SDRAM-controller/Q_Project/test2/sdram_controller.v Line: 92
    Warning (13410): Pin "rd_data[17]" is stuck at GND File: D:/SDRAM-controller/Q_Project/test2/sdram_controller.v Line: 92
    Warning (13410): Pin "rd_data[18]" is stuck at GND File: D:/SDRAM-controller/Q_Project/test2/sdram_controller.v Line: 92
    Warning (13410): Pin "rd_data[19]" is stuck at GND File: D:/SDRAM-controller/Q_Project/test2/sdram_controller.v Line: 92
    Warning (13410): Pin "rd_data[20]" is stuck at GND File: D:/SDRAM-controller/Q_Project/test2/sdram_controller.v Line: 92
    Warning (13410): Pin "rd_data[21]" is stuck at GND File: D:/SDRAM-controller/Q_Project/test2/sdram_controller.v Line: 92
    Warning (13410): Pin "rd_data[22]" is stuck at GND File: D:/SDRAM-controller/Q_Project/test2/sdram_controller.v Line: 92
    Warning (13410): Pin "rd_data[23]" is stuck at GND File: D:/SDRAM-controller/Q_Project/test2/sdram_controller.v Line: 92
    Warning (13410): Pin "rd_data[24]" is stuck at GND File: D:/SDRAM-controller/Q_Project/test2/sdram_controller.v Line: 92
    Warning (13410): Pin "rd_data[25]" is stuck at GND File: D:/SDRAM-controller/Q_Project/test2/sdram_controller.v Line: 92
    Warning (13410): Pin "rd_data[26]" is stuck at GND File: D:/SDRAM-controller/Q_Project/test2/sdram_controller.v Line: 92
    Warning (13410): Pin "rd_data[27]" is stuck at GND File: D:/SDRAM-controller/Q_Project/test2/sdram_controller.v Line: 92
    Warning (13410): Pin "rd_data[28]" is stuck at GND File: D:/SDRAM-controller/Q_Project/test2/sdram_controller.v Line: 92
    Warning (13410): Pin "rd_data[29]" is stuck at GND File: D:/SDRAM-controller/Q_Project/test2/sdram_controller.v Line: 92
    Warning (13410): Pin "rd_data[30]" is stuck at GND File: D:/SDRAM-controller/Q_Project/test2/sdram_controller.v Line: 92
    Warning (13410): Pin "rd_data[31]" is stuck at GND File: D:/SDRAM-controller/Q_Project/test2/sdram_controller.v Line: 92
    Warning (13410): Pin "ack" is stuck at GND File: D:/SDRAM-controller/Q_Project/test2/sdram_controller.v Line: 95
    Warning (13410): Pin "ram_addr[0]" is stuck at GND File: D:/SDRAM-controller/Q_Project/test2/sdram_controller.v Line: 98
    Warning (13410): Pin "ram_addr[1]" is stuck at GND File: D:/SDRAM-controller/Q_Project/test2/sdram_controller.v Line: 98
    Warning (13410): Pin "ram_addr[2]" is stuck at GND File: D:/SDRAM-controller/Q_Project/test2/sdram_controller.v Line: 98
    Warning (13410): Pin "ram_addr[3]" is stuck at GND File: D:/SDRAM-controller/Q_Project/test2/sdram_controller.v Line: 98
    Warning (13410): Pin "ram_addr[4]" is stuck at VCC File: D:/SDRAM-controller/Q_Project/test2/sdram_controller.v Line: 98
    Warning (13410): Pin "ram_addr[5]" is stuck at VCC File: D:/SDRAM-controller/Q_Project/test2/sdram_controller.v Line: 98
    Warning (13410): Pin "ram_addr[6]" is stuck at GND File: D:/SDRAM-controller/Q_Project/test2/sdram_controller.v Line: 98
    Warning (13410): Pin "ram_addr[7]" is stuck at GND File: D:/SDRAM-controller/Q_Project/test2/sdram_controller.v Line: 98
    Warning (13410): Pin "ram_addr[8]" is stuck at GND File: D:/SDRAM-controller/Q_Project/test2/sdram_controller.v Line: 98
    Warning (13410): Pin "ram_addr[9]" is stuck at GND File: D:/SDRAM-controller/Q_Project/test2/sdram_controller.v Line: 98
    Warning (13410): Pin "ram_addr[10]" is stuck at GND File: D:/SDRAM-controller/Q_Project/test2/sdram_controller.v Line: 98
    Warning (13410): Pin "ram_addr[11]" is stuck at GND File: D:/SDRAM-controller/Q_Project/test2/sdram_controller.v Line: 98
    Warning (13410): Pin "ram_bank_addr[0]" is stuck at GND File: D:/SDRAM-controller/Q_Project/test2/sdram_controller.v Line: 99
    Warning (13410): Pin "ram_bank_addr[1]" is stuck at GND File: D:/SDRAM-controller/Q_Project/test2/sdram_controller.v Line: 99
    Warning (13410): Pin "ram_dqm[0]" is stuck at GND File: D:/SDRAM-controller/Q_Project/test2/sdram_controller.v Line: 100
    Warning (13410): Pin "ram_dqm[1]" is stuck at GND File: D:/SDRAM-controller/Q_Project/test2/sdram_controller.v Line: 100
    Warning (13410): Pin "ram_ras_n" is stuck at VCC File: D:/SDRAM-controller/Q_Project/test2/sdram_controller.v Line: 103
    Warning (13410): Pin "ram_cas_n" is stuck at VCC File: D:/SDRAM-controller/Q_Project/test2/sdram_controller.v Line: 104
    Warning (13410): Pin "ram_clk" is stuck at GND File: D:/SDRAM-controller/Q_Project/test2/sdram_controller.v Line: 105
    Warning (13410): Pin "ram_we_n" is stuck at VCC File: D:/SDRAM-controller/Q_Project/test2/sdram_controller.v Line: 109
Info (286030): Timing-Driven Synthesis is running
Info (17049): 8 registers lost all their fanouts during netlist optimizations.
Info (144001): Generated suppressed messages file D:/SDRAM-controller/Q_Project/test2/output_files/sdram_controller.map.smsg
Info (16010): Generating hard_block partition "hard_block:auto_generated_inst"
    Info (16011): Adding 0 node(s), including 0 DDIO, 0 PLL, 0 transceiver and 0 LCELL
Warning (21074): Design contains 58 input pin(s) that do not drive logic
    Warning (15610): No output dependent on input pin "addr[2]" File: D:/SDRAM-controller/Q_Project/test2/sdram_controller.v Line: 89
    Warning (15610): No output dependent on input pin "addr[3]" File: D:/SDRAM-controller/Q_Project/test2/sdram_controller.v Line: 89
    Warning (15610): No output dependent on input pin "addr[4]" File: D:/SDRAM-controller/Q_Project/test2/sdram_controller.v Line: 89
    Warning (15610): No output dependent on input pin "addr[5]" File: D:/SDRAM-controller/Q_Project/test2/sdram_controller.v Line: 89
    Warning (15610): No output dependent on input pin "addr[6]" File: D:/SDRAM-controller/Q_Project/test2/sdram_controller.v Line: 89
    Warning (15610): No output dependent on input pin "addr[7]" File: D:/SDRAM-controller/Q_Project/test2/sdram_controller.v Line: 89
    Warning (15610): No output dependent on input pin "addr[8]" File: D:/SDRAM-controller/Q_Project/test2/sdram_controller.v Line: 89
    Warning (15610): No output dependent on input pin "rd_ready" File: D:/SDRAM-controller/Q_Project/test2/sdram_controller.v Line: 93
    Warning (15610): No output dependent on input pin "req" File: D:/SDRAM-controller/Q_Project/test2/sdram_controller.v Line: 94
    Warning (15610): No output dependent on input pin "addr[21]" File: D:/SDRAM-controller/Q_Project/test2/sdram_controller.v Line: 89
    Warning (15610): No output dependent on input pin "addr[9]" File: D:/SDRAM-controller/Q_Project/test2/sdram_controller.v Line: 89
    Warning (15610): No output dependent on input pin "addr[22]" File: D:/SDRAM-controller/Q_Project/test2/sdram_controller.v Line: 89
    Warning (15610): No output dependent on input pin "addr[10]" File: D:/SDRAM-controller/Q_Project/test2/sdram_controller.v Line: 89
    Warning (15610): No output dependent on input pin "addr[11]" File: D:/SDRAM-controller/Q_Project/test2/sdram_controller.v Line: 89
    Warning (15610): No output dependent on input pin "addr[12]" File: D:/SDRAM-controller/Q_Project/test2/sdram_controller.v Line: 89
    Warning (15610): No output dependent on input pin "addr[13]" File: D:/SDRAM-controller/Q_Project/test2/sdram_controller.v Line: 89
    Warning (15610): No output dependent on input pin "addr[14]" File: D:/SDRAM-controller/Q_Project/test2/sdram_controller.v Line: 89
    Warning (15610): No output dependent on input pin "addr[15]" File: D:/SDRAM-controller/Q_Project/test2/sdram_controller.v Line: 89
    Warning (15610): No output dependent on input pin "addr[16]" File: D:/SDRAM-controller/Q_Project/test2/sdram_controller.v Line: 89
    Warning (15610): No output dependent on input pin "addr[17]" File: D:/SDRAM-controller/Q_Project/test2/sdram_controller.v Line: 89
    Warning (15610): No output dependent on input pin "addr[18]" File: D:/SDRAM-controller/Q_Project/test2/sdram_controller.v Line: 89
    Warning (15610): No output dependent on input pin "addr[19]" File: D:/SDRAM-controller/Q_Project/test2/sdram_controller.v Line: 89
    Warning (15610): No output dependent on input pin "addr[20]" File: D:/SDRAM-controller/Q_Project/test2/sdram_controller.v Line: 89
    Warning (15610): No output dependent on input pin "addr[0]" File: D:/SDRAM-controller/Q_Project/test2/sdram_controller.v Line: 89
    Warning (15610): No output dependent on input pin "addr[1]" File: D:/SDRAM-controller/Q_Project/test2/sdram_controller.v Line: 89
    Warning (15610): No output dependent on input pin "wr_en" File: D:/SDRAM-controller/Q_Project/test2/sdram_controller.v Line: 90
    Warning (15610): No output dependent on input pin "wr_data[0]" File: D:/SDRAM-controller/Q_Project/test2/sdram_controller.v Line: 91
    Warning (15610): No output dependent on input pin "wr_data[1]" File: D:/SDRAM-controller/Q_Project/test2/sdram_controller.v Line: 91
    Warning (15610): No output dependent on input pin "wr_data[2]" File: D:/SDRAM-controller/Q_Project/test2/sdram_controller.v Line: 91
    Warning (15610): No output dependent on input pin "wr_data[3]" File: D:/SDRAM-controller/Q_Project/test2/sdram_controller.v Line: 91
    Warning (15610): No output dependent on input pin "wr_data[4]" File: D:/SDRAM-controller/Q_Project/test2/sdram_controller.v Line: 91
    Warning (15610): No output dependent on input pin "wr_data[5]" File: D:/SDRAM-controller/Q_Project/test2/sdram_controller.v Line: 91
    Warning (15610): No output dependent on input pin "wr_data[6]" File: D:/SDRAM-controller/Q_Project/test2/sdram_controller.v Line: 91
    Warning (15610): No output dependent on input pin "wr_data[7]" File: D:/SDRAM-controller/Q_Project/test2/sdram_controller.v Line: 91
    Warning (15610): No output dependent on input pin "wr_data[8]" File: D:/SDRAM-controller/Q_Project/test2/sdram_controller.v Line: 91
    Warning (15610): No output dependent on input pin "wr_data[9]" File: D:/SDRAM-controller/Q_Project/test2/sdram_controller.v Line: 91
    Warning (15610): No output dependent on input pin "wr_data[10]" File: D:/SDRAM-controller/Q_Project/test2/sdram_controller.v Line: 91
    Warning (15610): No output dependent on input pin "wr_data[11]" File: D:/SDRAM-controller/Q_Project/test2/sdram_controller.v Line: 91
    Warning (15610): No output dependent on input pin "wr_data[12]" File: D:/SDRAM-controller/Q_Project/test2/sdram_controller.v Line: 91
    Warning (15610): No output dependent on input pin "wr_data[13]" File: D:/SDRAM-controller/Q_Project/test2/sdram_controller.v Line: 91
    Warning (15610): No output dependent on input pin "wr_data[14]" File: D:/SDRAM-controller/Q_Project/test2/sdram_controller.v Line: 91
    Warning (15610): No output dependent on input pin "wr_data[15]" File: D:/SDRAM-controller/Q_Project/test2/sdram_controller.v Line: 91
    Warning (15610): No output dependent on input pin "wr_data[16]" File: D:/SDRAM-controller/Q_Project/test2/sdram_controller.v Line: 91
    Warning (15610): No output dependent on input pin "wr_data[17]" File: D:/SDRAM-controller/Q_Project/test2/sdram_controller.v Line: 91
    Warning (15610): No output dependent on input pin "wr_data[18]" File: D:/SDRAM-controller/Q_Project/test2/sdram_controller.v Line: 91
    Warning (15610): No output dependent on input pin "wr_data[19]" File: D:/SDRAM-controller/Q_Project/test2/sdram_controller.v Line: 91
    Warning (15610): No output dependent on input pin "wr_data[20]" File: D:/SDRAM-controller/Q_Project/test2/sdram_controller.v Line: 91
    Warning (15610): No output dependent on input pin "wr_data[21]" File: D:/SDRAM-controller/Q_Project/test2/sdram_controller.v Line: 91
    Warning (15610): No output dependent on input pin "wr_data[22]" File: D:/SDRAM-controller/Q_Project/test2/sdram_controller.v Line: 91
    Warning (15610): No output dependent on input pin "wr_data[23]" File: D:/SDRAM-controller/Q_Project/test2/sdram_controller.v Line: 91
    Warning (15610): No output dependent on input pin "wr_data[24]" File: D:/SDRAM-controller/Q_Project/test2/sdram_controller.v Line: 91
    Warning (15610): No output dependent on input pin "wr_data[25]" File: D:/SDRAM-controller/Q_Project/test2/sdram_controller.v Line: 91
    Warning (15610): No output dependent on input pin "wr_data[26]" File: D:/SDRAM-controller/Q_Project/test2/sdram_controller.v Line: 91
    Warning (15610): No output dependent on input pin "wr_data[27]" File: D:/SDRAM-controller/Q_Project/test2/sdram_controller.v Line: 91
    Warning (15610): No output dependent on input pin "wr_data[28]" File: D:/SDRAM-controller/Q_Project/test2/sdram_controller.v Line: 91
    Warning (15610): No output dependent on input pin "wr_data[29]" File: D:/SDRAM-controller/Q_Project/test2/sdram_controller.v Line: 91
    Warning (15610): No output dependent on input pin "wr_data[30]" File: D:/SDRAM-controller/Q_Project/test2/sdram_controller.v Line: 91
    Warning (15610): No output dependent on input pin "wr_data[31]" File: D:/SDRAM-controller/Q_Project/test2/sdram_controller.v Line: 91
Info (21057): Implemented 168 device resources after synthesis - the final resource count might be different
    Info (21058): Implemented 60 input pins
    Info (21059): Implemented 55 output pins
    Info (21060): Implemented 32 bidirectional pins
    Info (21061): Implemented 21 logic cells
Info: Quartus Prime Analysis & Synthesis was successful. 0 errors, 125 warnings
    Info: Peak virtual memory: 4759 megabytes
    Info: Processing ended: Thu Oct 07 22:56:24 2021
    Info: Elapsed time: 00:00:10
    Info: Total CPU time (on all processors): 00:00:22


+------------------------------------------+
; Analysis & Synthesis Suppressed Messages ;
+------------------------------------------+
The suppressed messages can be found in D:/SDRAM-controller/Q_Project/test2/output_files/sdram_controller.map.smsg.


